Archive member included to satisfy reference by file (symbol)

C:/Users/admin/Downloads/nolibgs_hello_worlds/nolibgs_hello_worlds/psyq/lib\libc.a(c42.o)
                              platformer.o (memcpy)
C:/Users/admin/Downloads/nolibgs_hello_worlds/nolibgs_hello_worlds/psyq/lib\libc.a(c47.o)
                              platformer.o (rand)
C:/Users/admin/Downloads/nolibgs_hello_worlds/nolibgs_hello_worlds/psyq/lib\libc.a(c48.o)
                              platformer.o (srand)
C:/Users/admin/Downloads/nolibgs_hello_worlds/nolibgs_hello_worlds/psyq/lib\libetc.a(pad.o)
                              platformer.o (PadRead)
C:/Users/admin/Downloads/nolibgs_hello_worlds/nolibgs_hello_worlds/psyq/lib\libetc.a(vsync.o)
                              platformer.o (VSync)
C:/Users/admin/Downloads/nolibgs_hello_worlds/nolibgs_hello_worlds/psyq/lib\libetc.a(intr.o)
                              C:/Users/admin/Downloads/nolibgs_hello_worlds/nolibgs_hello_worlds/psyq/lib\libetc.a(pad.o) (ResetCallback)
C:/Users/admin/Downloads/nolibgs_hello_worlds/nolibgs_hello_worlds/psyq/lib\libetc.a(intr_dma.o)
                              C:/Users/admin/Downloads/nolibgs_hello_worlds/nolibgs_hello_worlds/psyq/lib\libetc.a(intr.o) (startIntrDMA)
C:/Users/admin/Downloads/nolibgs_hello_worlds/nolibgs_hello_worlds/psyq/lib\libetc.a(intr_vb.o)
                              C:/Users/admin/Downloads/nolibgs_hello_worlds/nolibgs_hello_worlds/psyq/lib\libetc.a(vsync.o) (Vcount)
C:/Users/admin/Downloads/nolibgs_hello_worlds/nolibgs_hello_worlds/psyq/lib\libgpu.a(e03.o)
                              platformer.o (SetDefDrawEnv)
C:/Users/admin/Downloads/nolibgs_hello_worlds/nolibgs_hello_worlds/psyq/lib\libgpu.a(e04.o)
                              platformer.o (SetDefDispEnv)
C:/Users/admin/Downloads/nolibgs_hello_worlds/nolibgs_hello_worlds/psyq/lib\libgpu.a(font.o)
                              platformer.o (FntFlush)
C:/Users/admin/Downloads/nolibgs_hello_worlds/nolibgs_hello_worlds/psyq/lib\libgpu.a(p06.o)
                              C:/Users/admin/Downloads/nolibgs_hello_worlds/nolibgs_hello_worlds/psyq/lib\libgpu.a(font.o) (AddPrim)
C:/Users/admin/Downloads/nolibgs_hello_worlds/nolibgs_hello_worlds/psyq/lib\libgpu.a(p09.o)
                              C:/Users/admin/Downloads/nolibgs_hello_worlds/nolibgs_hello_worlds/psyq/lib\libgpu.a(font.o) (TermPrim)
C:/Users/admin/Downloads/nolibgs_hello_worlds/nolibgs_hello_worlds/psyq/lib\libgpu.a(p10.o)
                              C:/Users/admin/Downloads/nolibgs_hello_worlds/nolibgs_hello_worlds/psyq/lib\libgpu.a(font.o) (SetSemiTrans)
C:/Users/admin/Downloads/nolibgs_hello_worlds/nolibgs_hello_worlds/psyq/lib\libgpu.a(p20.o)
                              C:/Users/admin/Downloads/nolibgs_hello_worlds/nolibgs_hello_worlds/psyq/lib\libgpu.a(font.o) (SetSprt8)
C:/Users/admin/Downloads/nolibgs_hello_worlds/nolibgs_hello_worlds/psyq/lib\libgpu.a(p26.o)
                              C:/Users/admin/Downloads/nolibgs_hello_worlds/nolibgs_hello_worlds/psyq/lib\libgpu.a(font.o) (SetTile)
C:/Users/admin/Downloads/nolibgs_hello_worlds/nolibgs_hello_worlds/psyq/lib\libgpu.a(p41.o)
                              C:/Users/admin/Downloads/nolibgs_hello_worlds/nolibgs_hello_worlds/psyq/lib\libgpu.a(font.o) (SetDrawMode)
C:/Users/admin/Downloads/nolibgs_hello_worlds/nolibgs_hello_worlds/psyq/lib\libgpu.a(sys.o)
                              platformer.o (ResetGraph)
C:/Users/admin/Downloads/nolibgs_hello_worlds/nolibgs_hello_worlds/psyq/lib\libgpu.a(e00.o)
                              C:/Users/admin/Downloads/nolibgs_hello_worlds/nolibgs_hello_worlds/psyq/lib\libgpu.a(font.o) (LoadTPage)
C:/Users/admin/Downloads/nolibgs_hello_worlds/nolibgs_hello_worlds/psyq/lib\libgpu.a(e02.o)
                              C:/Users/admin/Downloads/nolibgs_hello_worlds/nolibgs_hello_worlds/psyq/lib\libgpu.a(font.o) (LoadClut2)
C:/Users/admin/Downloads/nolibgs_hello_worlds/nolibgs_hello_worlds/psyq/lib\libgpu.a(p00.o)
                              C:/Users/admin/Downloads/nolibgs_hello_worlds/nolibgs_hello_worlds/psyq/lib\libgpu.a(e00.o) (GetTPage)
C:/Users/admin/Downloads/nolibgs_hello_worlds/nolibgs_hello_worlds/psyq/lib\libgpu.a(p01.o)
                              C:/Users/admin/Downloads/nolibgs_hello_worlds/nolibgs_hello_worlds/psyq/lib\libgpu.a(e02.o) (GetClut)
C:/Users/admin/Downloads/nolibgs_hello_worlds/nolibgs_hello_worlds/psyq/lib\libgte.a(msc00.o)
                              platformer.o (InitGeom)
C:/Users/admin/Downloads/nolibgs_hello_worlds/nolibgs_hello_worlds/psyq/lib\libgte.a(patchgte.o)
                              C:/Users/admin/Downloads/nolibgs_hello_worlds/nolibgs_hello_worlds/psyq/lib\libgte.a(msc00.o) (_patch_gte)
C:/Users/admin/Downloads/nolibgs_hello_worlds/nolibgs_hello_worlds/psyq/lib\libgte.a(reg12.o)
                              platformer.o (SetGeomOffset)
C:/Users/admin/Downloads/nolibgs_hello_worlds/nolibgs_hello_worlds/psyq/lib\libgte.a(reg13.o)
                              platformer.o (SetGeomScreen)
C:/Users/admin/Downloads/nolibgs_hello_worlds/nolibgs_hello_worlds/psyq/lib\libapi.a(a22.o)
                              C:/Users/admin/Downloads/nolibgs_hello_worlds/nolibgs_hello_worlds/psyq/lib\libetc.a(pad.o) (PAD_dr)
C:/Users/admin/Downloads/nolibgs_hello_worlds/nolibgs_hello_worlds/psyq/lib\libapi.a(a23.o)
                              C:/Users/admin/Downloads/nolibgs_hello_worlds/nolibgs_hello_worlds/psyq/lib\libetc.a(intr.o) (ReturnFromException)
C:/Users/admin/Downloads/nolibgs_hello_worlds/nolibgs_hello_worlds/psyq/lib\libapi.a(a24.o)
                              C:/Users/admin/Downloads/nolibgs_hello_worlds/nolibgs_hello_worlds/psyq/lib\libetc.a(intr.o) (ResetEntryInt)
C:/Users/admin/Downloads/nolibgs_hello_worlds/nolibgs_hello_worlds/psyq/lib\libapi.a(a25.o)
                              C:/Users/admin/Downloads/nolibgs_hello_worlds/nolibgs_hello_worlds/psyq/lib\libetc.a(intr.o) (HookEntryInt)
C:/Users/admin/Downloads/nolibgs_hello_worlds/nolibgs_hello_worlds/psyq/lib\libapi.a(a36.o)
                              C:/Users/admin/Downloads/nolibgs_hello_worlds/nolibgs_hello_worlds/psyq/lib\libetc.a(intr.o) (EnterCriticalSection)
C:/Users/admin/Downloads/nolibgs_hello_worlds/nolibgs_hello_worlds/psyq/lib\libapi.a(a37.o)
                              C:/Users/admin/Downloads/nolibgs_hello_worlds/nolibgs_hello_worlds/psyq/lib\libetc.a(intr.o) (ExitCriticalSection)
C:/Users/admin/Downloads/nolibgs_hello_worlds/nolibgs_hello_worlds/psyq/lib\libapi.a(a91.o)
                              C:/Users/admin/Downloads/nolibgs_hello_worlds/nolibgs_hello_worlds/psyq/lib\libetc.a(pad.o) (ChangeClearPAD)
C:/Users/admin/Downloads/nolibgs_hello_worlds/nolibgs_hello_worlds/psyq/lib\libapi.a(c114.o)
                              C:/Users/admin/Downloads/nolibgs_hello_worlds/nolibgs_hello_worlds/psyq/lib\libetc.a(intr.o) (_96_remove)
C:/Users/admin/Downloads/nolibgs_hello_worlds/nolibgs_hello_worlds/psyq/lib\libapi.a(c68.o)
                              C:/Users/admin/Downloads/nolibgs_hello_worlds/nolibgs_hello_worlds/psyq/lib\libgte.a(patchgte.o) (FlushCache)
C:/Users/admin/Downloads/nolibgs_hello_worlds/nolibgs_hello_worlds/psyq/lib\libapi.a(c73.o)
                              C:/Users/admin/Downloads/nolibgs_hello_worlds/nolibgs_hello_worlds/psyq/lib\libgpu.a(sys.o) (GPU_cw)
C:/Users/admin/Downloads/nolibgs_hello_worlds/nolibgs_hello_worlds/psyq/lib\libapi.a(l10.o)
                              C:/Users/admin/Downloads/nolibgs_hello_worlds/nolibgs_hello_worlds/psyq/lib\libetc.a(vsync.o) (ChangeClearRCnt)
C:/Users/admin/Downloads/nolibgs_hello_worlds/nolibgs_hello_worlds/psyq/lib\libapi.a(pad.o)
                              C:/Users/admin/Downloads/nolibgs_hello_worlds/nolibgs_hello_worlds/psyq/lib\libetc.a(pad.o) (PAD_init)
C:/Users/admin/Downloads/nolibgs_hello_worlds/nolibgs_hello_worlds/psyq/lib\libapi.a(patch.o)
                              C:/Users/admin/Downloads/nolibgs_hello_worlds/nolibgs_hello_worlds/psyq/lib\libapi.a(pad.o) (_patch_pad)
C:/Users/admin/Downloads/nolibgs_hello_worlds/nolibgs_hello_worlds/psyq/lib\libapi.a(a18.o)
                              C:/Users/admin/Downloads/nolibgs_hello_worlds/nolibgs_hello_worlds/psyq/lib\libapi.a(pad.o) (InitPAD2)
C:/Users/admin/Downloads/nolibgs_hello_worlds/nolibgs_hello_worlds/psyq/lib\libapi.a(a19.o)
                              C:/Users/admin/Downloads/nolibgs_hello_worlds/nolibgs_hello_worlds/psyq/lib\libapi.a(pad.o) (StartPAD2)
C:/Users/admin/Downloads/nolibgs_hello_worlds/nolibgs_hello_worlds/psyq/lib\libapi.a(a21.o)
                              C:/Users/admin/Downloads/nolibgs_hello_worlds/nolibgs_hello_worlds/psyq/lib\libapi.a(pad.o) (PAD_init2)
C:/Users/admin/Downloads/nolibgs_hello_worlds/nolibgs_hello_worlds/psyq/lib\libapi.a(chclrpad.o)
                              C:/Users/admin/Downloads/nolibgs_hello_worlds/nolibgs_hello_worlds/psyq/lib\libapi.a(pad.o) (_remove_ChgclrPAD)
C:/Users/admin/Downloads/nolibgs_hello_worlds/nolibgs_hello_worlds/psyq/lib\libapi.a(l02.o)
                              C:/Users/admin/Downloads/nolibgs_hello_worlds/nolibgs_hello_worlds/psyq/lib\libapi.a(pad.o) (SysEnqIntRP)
C:/Users/admin/Downloads/nolibgs_hello_worlds/nolibgs_hello_worlds/psyq/lib\libapi.a(l03.o)
                              C:/Users/admin/Downloads/nolibgs_hello_worlds/nolibgs_hello_worlds/psyq/lib\libapi.a(pad.o) (SysDeqIntRP)
C:/Users/admin/Downloads/nolibgs_hello_worlds/nolibgs_hello_worlds/psyq/lib\libc.a(a63.o)
                              C:/Users/admin/Downloads/nolibgs_hello_worlds/nolibgs_hello_worlds/psyq/lib\libetc.a(vsync.o) (puts)
C:/Users/admin/Downloads/nolibgs_hello_worlds/nolibgs_hello_worlds/psyq/lib\libc.a(c19.o)
                              C:/Users/admin/Downloads/nolibgs_hello_worlds/nolibgs_hello_worlds/psyq/lib\libetc.a(intr.o) (setjmp)
C:/Users/admin/Downloads/nolibgs_hello_worlds/nolibgs_hello_worlds/psyq/lib\libc.a(c27.o)
                              C:/Users/admin/Downloads/nolibgs_hello_worlds/nolibgs_hello_worlds/psyq/lib\libgpu.a(font.o) (strlen)
C:/Users/admin/Downloads/nolibgs_hello_worlds/nolibgs_hello_worlds/psyq/lib\libc.a(c43.o)
                              C:/Users/admin/Downloads/nolibgs_hello_worlds/nolibgs_hello_worlds/psyq/lib\libgpu.a(font.o) (memset)
C:/Users/admin/Downloads/nolibgs_hello_worlds/nolibgs_hello_worlds/psyq/lib\libc.a(c63.o)
                              C:/Users/admin/Downloads/nolibgs_hello_worlds/nolibgs_hello_worlds/psyq/lib\libetc.a(intr.o) (printf)
C:/Users/admin/Downloads/nolibgs_hello_worlds/nolibgs_hello_worlds/psyq/lib\libetc.a(vmode.o)
                              C:/Users/admin/Downloads/nolibgs_hello_worlds/nolibgs_hello_worlds/psyq/lib\libgpu.a(e03.o) (GetVideoMode)

Discarded input sections

 .text          0x00000000        0x0 platformer.o
 .data          0x00000000        0x0 platformer.o
 .MIPS.abiflags
                0x00000000       0x18 platformer.o
 .pdr           0x00000000      0x100 platformer.o
 .text          0x00000000        0x0 C:/Users/admin/Downloads/nolibgs_hello_worlds/nolibgs_hello_worlds/thirdparty/nugget/common/crt0/crt0.o
 .data          0x00000000        0x0 C:/Users/admin/Downloads/nolibgs_hello_worlds/nolibgs_hello_worlds/thirdparty/nugget/common/crt0/crt0.o
 .bss           0x00000000        0x0 C:/Users/admin/Downloads/nolibgs_hello_worlds/nolibgs_hello_worlds/thirdparty/nugget/common/crt0/crt0.o
 .reginfo       0x00000000       0x18 C:/Users/admin/Downloads/nolibgs_hello_worlds/nolibgs_hello_worlds/thirdparty/nugget/common/crt0/crt0.o
 .MIPS.abiflags
                0x00000000       0x18 C:/Users/admin/Downloads/nolibgs_hello_worlds/nolibgs_hello_worlds/thirdparty/nugget/common/crt0/crt0.o
 .text          0x00000000        0x0 C:/Users/admin/Downloads/nolibgs_hello_worlds/nolibgs_hello_worlds/thirdparty/nugget/common/syscalls/printf.o
 .data          0x00000000        0x0 C:/Users/admin/Downloads/nolibgs_hello_worlds/nolibgs_hello_worlds/thirdparty/nugget/common/syscalls/printf.o
 .bss           0x00000000        0x0 C:/Users/admin/Downloads/nolibgs_hello_worlds/nolibgs_hello_worlds/thirdparty/nugget/common/syscalls/printf.o
 .reginfo       0x00000000       0x18 C:/Users/admin/Downloads/nolibgs_hello_worlds/nolibgs_hello_worlds/thirdparty/nugget/common/syscalls/printf.o
 .MIPS.abiflags
                0x00000000       0x18 C:/Users/admin/Downloads/nolibgs_hello_worlds/nolibgs_hello_worlds/thirdparty/nugget/common/syscalls/printf.o
 .pdr           0x00000000        0x0 C:/Users/admin/Downloads/nolibgs_hello_worlds/nolibgs_hello_worlds/thirdparty/nugget/common/syscalls/printf.o
 .ramtext       0x00000000        0xc C:/Users/admin/Downloads/nolibgs_hello_worlds/nolibgs_hello_worlds/thirdparty/nugget/common/syscalls/printf.o
 .debug_line    0x00000000       0x4b C:/Users/admin/Downloads/nolibgs_hello_worlds/nolibgs_hello_worlds/thirdparty/nugget/common/syscalls/printf.o
 .debug_line_str
                0x00000000       0xbc C:/Users/admin/Downloads/nolibgs_hello_worlds/nolibgs_hello_worlds/thirdparty/nugget/common/syscalls/printf.o
 .debug_info    0x00000000       0x24 C:/Users/admin/Downloads/nolibgs_hello_worlds/nolibgs_hello_worlds/thirdparty/nugget/common/syscalls/printf.o
 .debug_abbrev  0x00000000       0x14 C:/Users/admin/Downloads/nolibgs_hello_worlds/nolibgs_hello_worlds/thirdparty/nugget/common/syscalls/printf.o
 .debug_aranges
                0x00000000       0x20 C:/Users/admin/Downloads/nolibgs_hello_worlds/nolibgs_hello_worlds/thirdparty/nugget/common/syscalls/printf.o
 .debug_str     0x00000000       0xc8 C:/Users/admin/Downloads/nolibgs_hello_worlds/nolibgs_hello_worlds/thirdparty/nugget/common/syscalls/printf.o
 .gnu.attributes
                0x00000000       0x10 C:/Users/admin/Downloads/nolibgs_hello_worlds/nolibgs_hello_worlds/thirdparty/nugget/common/syscalls/printf.o

Memory Configuration

Name             Origin             Length             Attributes
loader           0x8000f800         0x00000800
ram              0x80010000         0x001f0000         xrw
dcache           0x1f800000         0x00000400
*default*        0x00000000         0xffffffff

Linker script and memory map

LOAD platformer.o
LOAD C:/Users/admin/Downloads/nolibgs_hello_worlds/nolibgs_hello_worlds/thirdparty/nugget/common/crt0/crt0.o
LOAD C:/Users/admin/Downloads/nolibgs_hello_worlds/nolibgs_hello_worlds/thirdparty/nugget/common/syscalls/printf.o
START GROUP
LOAD C:/Users/admin/Downloads/nolibgs_hello_worlds/nolibgs_hello_worlds/psyq/lib\libapi.a
LOAD C:/Users/admin/Downloads/nolibgs_hello_worlds/nolibgs_hello_worlds/psyq/lib\libc.a
LOAD C:/Users/admin/Downloads/nolibgs_hello_worlds/nolibgs_hello_worlds/psyq/lib\libc2.a
LOAD C:/Users/admin/Downloads/nolibgs_hello_worlds/nolibgs_hello_worlds/psyq/lib\libcard.a
LOAD C:/Users/admin/Downloads/nolibgs_hello_worlds/nolibgs_hello_worlds/psyq/lib\libcomb.a
LOAD C:/Users/admin/Downloads/nolibgs_hello_worlds/nolibgs_hello_worlds/psyq/lib\libds.a
LOAD C:/Users/admin/Downloads/nolibgs_hello_worlds/nolibgs_hello_worlds/psyq/lib\libetc.a
LOAD C:/Users/admin/Downloads/nolibgs_hello_worlds/nolibgs_hello_worlds/psyq/lib\libgpu.a
LOAD C:/Users/admin/Downloads/nolibgs_hello_worlds/nolibgs_hello_worlds/psyq/lib\libgs.a
LOAD C:/Users/admin/Downloads/nolibgs_hello_worlds/nolibgs_hello_worlds/psyq/lib\libgte.a
LOAD C:/Users/admin/Downloads/nolibgs_hello_worlds/nolibgs_hello_worlds/psyq/lib\libgun.a
LOAD C:/Users/admin/Downloads/nolibgs_hello_worlds/nolibgs_hello_worlds/psyq/lib\libhmd.a
LOAD C:/Users/admin/Downloads/nolibgs_hello_worlds/nolibgs_hello_worlds/psyq/lib\libmath.a
LOAD C:/Users/admin/Downloads/nolibgs_hello_worlds/nolibgs_hello_worlds/psyq/lib\libmcrd.a
LOAD C:/Users/admin/Downloads/nolibgs_hello_worlds/nolibgs_hello_worlds/psyq/lib\libmcx.a
LOAD C:/Users/admin/Downloads/nolibgs_hello_worlds/nolibgs_hello_worlds/psyq/lib\libpad.a
LOAD C:/Users/admin/Downloads/nolibgs_hello_worlds/nolibgs_hello_worlds/psyq/lib\libpress.a
LOAD C:/Users/admin/Downloads/nolibgs_hello_worlds/nolibgs_hello_worlds/psyq/lib\libsio.a
LOAD C:/Users/admin/Downloads/nolibgs_hello_worlds/nolibgs_hello_worlds/psyq/lib\libsnd.a
LOAD C:/Users/admin/Downloads/nolibgs_hello_worlds/nolibgs_hello_worlds/psyq/lib\libspu.a
LOAD C:/Users/admin/Downloads/nolibgs_hello_worlds/nolibgs_hello_worlds/psyq/lib\libtap.a
LOAD C:/Users/admin/Downloads/nolibgs_hello_worlds/nolibgs_hello_worlds/psyq/lib\libcd.a
END GROUP
                0x8002df10                        __heap_base = __bss_end
                0x80010000                        TLOAD_ADDR = DEFINED (TLOAD_ADDR)?TLOAD_ADDR:0x80010000
                0x80200000                        __ram_top = (ORIGIN (ram) + LENGTH (ram))
                0x801fff00                        __sp = (__ram_top - 0x100)
                0x1f800000                        __dcache = ORIGIN (dcache)
                0x1f800400                        __dcache_top = (ORIGIN (dcache) + LENGTH (dcache))
                0x00015f10                        __bss_len = (__bss_end - __bss_start)
                0x00005c40                        __ftext_len = (__ftext_end - __ftext_start)
                0x000023c0                        __fdata_len = (__fdata_end - __fdata_start)
                0x80200000                        __stack_start = (ORIGIN (ram) + LENGTH (ram))

.PSX_EXE_Header
                0x8000f800      0x800
                0x8000f800        0x1 BYTE 0x50
                0x8000f801        0x1 BYTE 0x53
                0x8000f802        0x1 BYTE 0x2d
                0x8000f803        0x1 BYTE 0x58
                0x8000f804        0x1 BYTE 0x20
                0x8000f805        0x1 BYTE 0x45
                0x8000f806        0x1 BYTE 0x58
                0x8000f807        0x1 BYTE 0x45
                0x8000f808        0x4 LONG 0x0
                0x8000f80c        0x4 LONG 0x0
                0x8000f810        0x4 LONG 0x80010000 ABSOLUTE (_start)
                0x8000f814        0x4 LONG 0x0
                0x8000f818        0x4 LONG 0x80010000 TLOAD_ADDR
                0x8000f81c        0x4 LONG 0x8000 (__ftext_len + __fdata_len)
                0x8000f820        0x4 LONG 0x0
                0x8000f824        0x4 LONG 0x0
                0x8000f828        0x4 LONG 0x0
                0x8000f82c        0x4 LONG 0x0
                0x8000f830        0x4 LONG 0x801fff00 DEFINED (_sp)?ABSOLUTE (_sp):0x801fff00
                0x8000f834        0x4 LONG 0x0
                0x80010000                        . = (. + 0x7c8)
 *fill*         0x8000f838      0x7c8 
                0x80010000                        __ftext_start = ABSOLUTE (.)

.text           0x80010000     0x5c40
 *(.start)
 .start         0x80010000       0x64 C:/Users/admin/Downloads/nolibgs_hello_worlds/nolibgs_hello_worlds/thirdparty/nugget/common/crt0/crt0.o
                0x80010000                _start
 *(.init)
 *(SORT_NONE(.fini))
 *(.text.unlikely .text.*_unlikely .text.unlikely.*)
 *(.text.exit .text.exit.*)
 *(.text.startup .text.startup.*)
 .text.startup.main
                0x80010064      0x278 platformer.o
                0x80010064                main
 *(.text.hot .text.hot.*)
 *(.text .stub .text.* .gnu.linkonce.t.*)
 .text.init_platform
                0x800102dc      0x110 platformer.o
                0x800102dc                init_platform
 .text.spawn_ball
                0x800103ec      0x1d4 platformer.o
                0x800103ec                spawn_ball
 .text.remove_ball
                0x800105c0       0xa0 platformer.o
                0x800105c0                remove_ball
 .text.update_ball
                0x80010660      0x160 platformer.o
                0x80010660                update_ball
 .text.move_platform
                0x800107c0       0xb0 platformer.o
                0x800107c0                move_platform
 .text.init     0x80010870      0x148 platformer.o
                0x80010870                init
 .text.display  0x800109b8       0xb0 platformer.o
                0x800109b8                display
 .text          0x80010a68       0x10 C:/Users/admin/Downloads/nolibgs_hello_worlds/nolibgs_hello_worlds/psyq/lib\libc.a(c42.o)
                0x80010a68                memcpy
 .text          0x80010a78       0x10 C:/Users/admin/Downloads/nolibgs_hello_worlds/nolibgs_hello_worlds/psyq/lib\libc.a(c47.o)
                0x80010a78                rand
 .text          0x80010a88       0x10 C:/Users/admin/Downloads/nolibgs_hello_worlds/nolibgs_hello_worlds/psyq/lib\libc.a(c48.o)
                0x80010a88                srand
 .text          0x80010a98       0x80 C:/Users/admin/Downloads/nolibgs_hello_worlds/nolibgs_hello_worlds/psyq/lib\libetc.a(pad.o)
                0x80010a98                PadInit
                0x80010ae4                PadRead
 .text          0x80010b18      0x210 C:/Users/admin/Downloads/nolibgs_hello_worlds/nolibgs_hello_worlds/psyq/lib\libetc.a(vsync.o)
                0x80010b18                VSync
 .text          0x80010d28      0x6c0 C:/Users/admin/Downloads/nolibgs_hello_worlds/nolibgs_hello_worlds/psyq/lib\libetc.a(intr.o)
                0x80010d28                ResetCallback
                0x80010d58                InterruptCallback
                0x80010d88                DMACallback
                0x80010db8                VSyncCallback
                0x80010dec                VSyncCallbacks
                0x80010e1c                StopCallback
                0x80010e4c                RestartCallback
                0x80010e7c                CheckCallback
                0x80010e8c                GetIntrMask
                0x80010ea4                SetIntrMask
 .text          0x800113e8      0x2a0 C:/Users/admin/Downloads/nolibgs_hello_worlds/nolibgs_hello_worlds/psyq/lib\libetc.a(intr_dma.o)
                0x800113e8                startIntrDMA
 .text          0x80011688      0x120 C:/Users/admin/Downloads/nolibgs_hello_worlds/nolibgs_hello_worlds/psyq/lib\libetc.a(intr_vb.o)
                0x80011688                startIntrVSync
 .text          0x800117a8       0xc0 C:/Users/admin/Downloads/nolibgs_hello_worlds/nolibgs_hello_worlds/psyq/lib\libgpu.a(e03.o)
                0x800117a8                SetDefDrawEnv
 .text          0x80011868       0x40 C:/Users/admin/Downloads/nolibgs_hello_worlds/nolibgs_hello_worlds/psyq/lib\libgpu.a(e04.o)
                0x80011868                SetDefDispEnv
 .text          0x800118a8      0xa80 C:/Users/admin/Downloads/nolibgs_hello_worlds/nolibgs_hello_worlds/psyq/lib\libgpu.a(font.o)
                0x800118a8                SetDumpFnt
                0x800118e8                FntLoad
                0x80011988                FntOpen
                0x80011c44                FntFlush
                0x80011f60                FntPrint
 .text          0x80012328       0x40 C:/Users/admin/Downloads/nolibgs_hello_worlds/nolibgs_hello_worlds/psyq/lib\libgpu.a(p06.o)
                0x80012328                AddPrim
 .text          0x80012368       0x20 C:/Users/admin/Downloads/nolibgs_hello_worlds/nolibgs_hello_worlds/psyq/lib\libgpu.a(p09.o)
                0x80012368                TermPrim
 .text          0x80012388       0x30 C:/Users/admin/Downloads/nolibgs_hello_worlds/nolibgs_hello_worlds/psyq/lib\libgpu.a(p10.o)
                0x80012388                SetSemiTrans
 .text          0x800123b8       0x20 C:/Users/admin/Downloads/nolibgs_hello_worlds/nolibgs_hello_worlds/psyq/lib\libgpu.a(p20.o)
                0x800123b8                SetSprt8
 .text          0x800123d8       0x20 C:/Users/admin/Downloads/nolibgs_hello_worlds/nolibgs_hello_worlds/psyq/lib\libgpu.a(p26.o)
                0x800123d8                SetTile
 .text          0x800123f8       0xa0 C:/Users/admin/Downloads/nolibgs_hello_worlds/nolibgs_hello_worlds/psyq/lib\libgpu.a(p41.o)
                0x800123f8                SetDrawMode
 .text          0x80012498     0x2f00 C:/Users/admin/Downloads/nolibgs_hello_worlds/nolibgs_hello_worlds/psyq/lib\libgpu.a(sys.o)
                0x80012498                ResetGraph
                0x8001260c                SetGraphDebug
                0x80012668                SetGraphQueue
                0x8001270c                GetGraphDebug
                0x8001271c                DrawSyncCallback
                0x8001277c                SetDispMask
                0x80012814                DrawSync
                0x80012998                ClearImage
                0x80012a28                ClearImage2
                0x80012ac0                LoadImage
                0x80012b20                StoreImage
                0x80012b80                MoveImage
                0x80012c38                ClearOTag
                0x80012d00                ClearOTagR
                0x80012dac                DrawPrim
                0x80012e08                DrawOTag
                0x80012e78                PutDrawEnv
                0x80012f38                DrawOTagEnv
                0x80013010                GetDrawEnv
                0x80013044                PutDispEnv
                0x8001353c                GetDispEnv
                0x80013570                GetODE
                0x800135a0                SetDrawArea
                0x80013620                SetDrawOffset
                0x80013660                SetDrawEnv
                0x80014f30                LoadImage2
                0x8001501c                StoreImage2
                0x80015108                MoveImage2
                0x8001524c                DrawOTag2
                0x80015348                _GPU_ResetCallback
 .text          0x80015398       0xf0 C:/Users/admin/Downloads/nolibgs_hello_worlds/nolibgs_hello_worlds/psyq/lib\libgpu.a(e00.o)
                0x80015398                LoadTPage
 .text          0x80015488       0x70 C:/Users/admin/Downloads/nolibgs_hello_worlds/nolibgs_hello_worlds/psyq/lib\libgpu.a(e02.o)
                0x80015488                LoadClut2
 .text          0x800154f8       0x40 C:/Users/admin/Downloads/nolibgs_hello_worlds/nolibgs_hello_worlds/psyq/lib\libgpu.a(p00.o)
                0x800154f8                GetTPage
 .text          0x80015538       0x20 C:/Users/admin/Downloads/nolibgs_hello_worlds/nolibgs_hello_worlds/psyq/lib\libgpu.a(p01.o)
                0x80015538                GetClut
 .text          0x80015558       0x90 C:/Users/admin/Downloads/nolibgs_hello_worlds/nolibgs_hello_worlds/psyq/lib\libgte.a(msc00.o)
                0x80015560                InitGeom
 .text          0x800155e8       0xe0 C:/Users/admin/Downloads/nolibgs_hello_worlds/nolibgs_hello_worlds/psyq/lib\libgte.a(patchgte.o)
                0x800155e8                _patch_gte
 .text          0x800156c8       0x20 C:/Users/admin/Downloads/nolibgs_hello_worlds/nolibgs_hello_worlds/psyq/lib\libgte.a(reg12.o)
                0x800156c8                SetGeomOffset
 .text          0x800156e8       0x10 C:/Users/admin/Downloads/nolibgs_hello_worlds/nolibgs_hello_worlds/psyq/lib\libgte.a(reg13.o)
                0x800156e8                SetGeomScreen
 .text          0x800156f8       0x10 C:/Users/admin/Downloads/nolibgs_hello_worlds/nolibgs_hello_worlds/psyq/lib\libapi.a(a22.o)
                0x800156f8                PAD_dr
 .text          0x80015708       0x10 C:/Users/admin/Downloads/nolibgs_hello_worlds/nolibgs_hello_worlds/psyq/lib\libapi.a(a23.o)
                0x80015708                ReturnFromException
 .text          0x80015718       0x10 C:/Users/admin/Downloads/nolibgs_hello_worlds/nolibgs_hello_worlds/psyq/lib\libapi.a(a24.o)
                0x80015718                ResetEntryInt
 .text          0x80015728       0x10 C:/Users/admin/Downloads/nolibgs_hello_worlds/nolibgs_hello_worlds/psyq/lib\libapi.a(a25.o)
                0x80015728                HookEntryInt
 .text          0x80015738       0x10 C:/Users/admin/Downloads/nolibgs_hello_worlds/nolibgs_hello_worlds/psyq/lib\libapi.a(a36.o)
                0x80015738                EnterCriticalSection
 .text          0x80015748       0x10 C:/Users/admin/Downloads/nolibgs_hello_worlds/nolibgs_hello_worlds/psyq/lib\libapi.a(a37.o)
                0x80015748                ExitCriticalSection
 .text          0x80015758       0x10 C:/Users/admin/Downloads/nolibgs_hello_worlds/nolibgs_hello_worlds/psyq/lib\libapi.a(a91.o)
                0x80015758                ChangeClearPAD
 .text          0x80015768       0x20 C:/Users/admin/Downloads/nolibgs_hello_worlds/nolibgs_hello_worlds/psyq/lib\libapi.a(c114.o)
                0x80015770                _96_remove
 .text          0x80015788       0x10 C:/Users/admin/Downloads/nolibgs_hello_worlds/nolibgs_hello_worlds/psyq/lib\libapi.a(c68.o)
                0x80015788                FlushCache
 .text          0x80015798       0x10 C:/Users/admin/Downloads/nolibgs_hello_worlds/nolibgs_hello_worlds/psyq/lib\libapi.a(c73.o)
                0x80015798                GPU_cw
 .text          0x800157a8       0x10 C:/Users/admin/Downloads/nolibgs_hello_worlds/nolibgs_hello_worlds/psyq/lib\libapi.a(l10.o)
                0x800157a8                ChangeClearRCnt
 .text          0x800157b8      0x290 C:/Users/admin/Downloads/nolibgs_hello_worlds/nolibgs_hello_worlds/psyq/lib\libapi.a(pad.o)
                0x800157b8                SetInitPadFlag
                0x800157c4                ReadInitPadFlag
                0x800157d4                PAD_init
                0x80015864                InitPAD
                0x800158f4                StartPAD
 .text          0x80015a48       0xa0 C:/Users/admin/Downloads/nolibgs_hello_worlds/nolibgs_hello_worlds/psyq/lib\libapi.a(patch.o)
                0x80015a48                EnablePAD
                0x80015a5c                DisablePAD
                0x80015a70                _patch_pad
 .text          0x80015ae8       0x10 C:/Users/admin/Downloads/nolibgs_hello_worlds/nolibgs_hello_worlds/psyq/lib\libapi.a(a18.o)
                0x80015ae8                InitPAD2
 .text          0x80015af8       0x10 C:/Users/admin/Downloads/nolibgs_hello_worlds/nolibgs_hello_worlds/psyq/lib\libapi.a(a19.o)
                0x80015af8                StartPAD2
 .text          0x80015b08       0x10 C:/Users/admin/Downloads/nolibgs_hello_worlds/nolibgs_hello_worlds/psyq/lib\libapi.a(a21.o)
                0x80015b08                PAD_init2
 .text          0x80015b18       0x70 C:/Users/admin/Downloads/nolibgs_hello_worlds/nolibgs_hello_worlds/psyq/lib\libapi.a(chclrpad.o)
                0x80015b18                _remove_ChgclrPAD
 .text          0x80015b88       0x10 C:/Users/admin/Downloads/nolibgs_hello_worlds/nolibgs_hello_worlds/psyq/lib\libapi.a(l02.o)
                0x80015b88                SysEnqIntRP
 .text          0x80015b98       0x10 C:/Users/admin/Downloads/nolibgs_hello_worlds/nolibgs_hello_worlds/psyq/lib\libapi.a(l03.o)
                0x80015b98                SysDeqIntRP
 .text          0x80015ba8       0x20 C:/Users/admin/Downloads/nolibgs_hello_worlds/nolibgs_hello_worlds/psyq/lib\libc.a(a63.o)
                0x80015bb0                puts
 .text          0x80015bc8       0x10 C:/Users/admin/Downloads/nolibgs_hello_worlds/nolibgs_hello_worlds/psyq/lib\libc.a(c19.o)
                0x80015bc8                setjmp
 .text          0x80015bd8       0x10 C:/Users/admin/Downloads/nolibgs_hello_worlds/nolibgs_hello_worlds/psyq/lib\libc.a(c27.o)
                0x80015bd8                strlen
 .text          0x80015be8       0x10 C:/Users/admin/Downloads/nolibgs_hello_worlds/nolibgs_hello_worlds/psyq/lib\libc.a(c43.o)
                0x80015be8                memset
 .text          0x80015bf8       0x10 C:/Users/admin/Downloads/nolibgs_hello_worlds/nolibgs_hello_worlds/psyq/lib\libc.a(c63.o)
                0x80015bf8                printf
 .text          0x80015c08       0x30 C:/Users/admin/Downloads/nolibgs_hello_worlds/nolibgs_hello_worlds/psyq/lib\libetc.a(vmode.o)
                0x80015c08                SetVideoMode
                0x80015c1c                GetVideoMode
                0x80015c40                        . = ALIGN (0x10)
 *fill*         0x80015c38        0x8 
 *(.init)
                0x80015c40                        . = ALIGN (0x10)
 *(.fini)
                0x80015c40                        . = ALIGN (0x10)
                0x80015c40                        __text_end = .
                0x80015c40                        __ftext_end = ABSOLUTE (.)
                0x80015c40                        __fdata_start = ABSOLUTE (.)

.rodata         0x80015c40      0x3a0
 *(.rodata .rodata.* .rdata .rdata.* .gnu.linkonce.r.*)
 .rodata.str1.4
                0x80015c40       0x20 platformer.o
 .rodata        0x80015c60       0x10 C:/Users/admin/Downloads/nolibgs_hello_worlds/nolibgs_hello_worlds/thirdparty/nugget/common/crt0/crt0.o
 .rdata         0x80015c70       0x10 C:/Users/admin/Downloads/nolibgs_hello_worlds/nolibgs_hello_worlds/psyq/lib\libetc.a(vsync.o)
 .rdata         0x80015c80       0x70 C:/Users/admin/Downloads/nolibgs_hello_worlds/nolibgs_hello_worlds/psyq/lib\libetc.a(intr.o)
 .rdata         0x80015cf0       0x30 C:/Users/admin/Downloads/nolibgs_hello_worlds/nolibgs_hello_worlds/psyq/lib\libetc.a(intr_dma.o)
 .rdata         0x80015d20       0xa0 C:/Users/admin/Downloads/nolibgs_hello_worlds/nolibgs_hello_worlds/psyq/lib\libgpu.a(font.o)
 .rdata         0x80015dc0      0x220 C:/Users/admin/Downloads/nolibgs_hello_worlds/nolibgs_hello_worlds/psyq/lib\libgpu.a(sys.o)
                0x80015fe0                        . = ALIGN (0x10)
                0x80015fe0                        __preinit_array_start = .
 *(.preinit_array)
                0x80015fe0                        __preinit_array_end = .
                0x80015fe0                        . = ALIGN (0x10)
                0x80015fe0                        __init_array_start = .
 *(SORT_BY_NAME(.init_array.*))
 *(.init_array)
                0x80015fe0                        . = ALIGN (0x10)
 *crtbegin.o(.ctors)
 *(EXCLUDE_FILE(*crtend.o) .ctors)
 *(SORT_BY_NAME(.ctors.*))
 *crtend.o(.ctors)
                0x80015fe0                        __init_array_end = .
                0x80015fe0                        . = ALIGN (0x10)
                0x80015fe0                        __fini_array_start = .
 *(.fini_array)
 *(SORT_BY_NAME(.fini_array.*))
 *crtbegin.o(.dtors)
 *(EXCLUDE_FILE(*crtend.o) .dtors)
 *(SORT_BY_NAME(.dtors.*))
 *crtend.o(.dtors)
                0x80015fe0                        __fini_array_end = .
                0x80015fe0                        __build_id = .
 *(.note.gnu.build-id)
                0x80015fe0                        __build_id_end = .

.rel.dyn        0x80015fe0        0x0
 .rel.dyn       0x80015fe0        0x0 platformer.o

.rodata1
 *(.rodata1)
                0x80015fe0                        __data_start = .

.data           0x80015fe0     0x2020
 *(.a0table)
 *(.data .data.* .gnu.linkonce.d.*)
 .data          0x80015fe0       0x20 C:/Users/admin/Downloads/nolibgs_hello_worlds/nolibgs_hello_worlds/psyq/lib\libetc.a(vsync.o)
                0x80015ff0                Hcount
 .data          0x80016000     0x1100 C:/Users/admin/Downloads/nolibgs_hello_worlds/nolibgs_hello_worlds/psyq/lib\libetc.a(intr.o)
 .data          0x80017100       0x30 C:/Users/admin/Downloads/nolibgs_hello_worlds/nolibgs_hello_worlds/psyq/lib\libetc.a(intr_dma.o)
 .data          0x80017130       0x30 C:/Users/admin/Downloads/nolibgs_hello_worlds/nolibgs_hello_worlds/psyq/lib\libetc.a(intr_vb.o)
                0x80017150                Vcount
 .data          0x80017160      0xb90 C:/Users/admin/Downloads/nolibgs_hello_worlds/nolibgs_hello_worlds/psyq/lib\libgpu.a(font.o)
                0x80017160                Font
 .data          0x80017cf0      0x1a0 C:/Users/admin/Downloads/nolibgs_hello_worlds/nolibgs_hello_worlds/psyq/lib\libgpu.a(sys.o)
                0x80017d3c                GPU_printf
                0x80017d40                GEnv
                0x80017e68                _qin
                0x80017e6c                _qout
 .data          0x80017e90       0x10 C:/Users/admin/Downloads/nolibgs_hello_worlds/nolibgs_hello_worlds/psyq/lib\libgte.a(msc00.o)
 .data          0x80017ea0       0x10 C:/Users/admin/Downloads/nolibgs_hello_worlds/nolibgs_hello_worlds/psyq/lib\libapi.a(pad.o)
 .data          0x80017eb0       0x10 C:/Users/admin/Downloads/nolibgs_hello_worlds/nolibgs_hello_worlds/psyq/lib\libetc.a(vmode.o)
 *(.data1)
 *(.sdata .sdata.* .gnu.linkonce.s.*)
 .sdata         0x80017ec0        0xc platformer.o
                0x80017ec0                ball_spawn_delay
                0x80017ec4                ball_interval
                0x80017ec8                nextpri
 *(.sdata2 .sdata2.* .gnu.linkonce.s2.*)
 *(.got.plt)
 *(.got)
                0x80018000                        . = ALIGN (0x800)
 *fill*         0x80017ecc      0x134 
                0x80018000                        __data_end = .
                0x80018000                        __fdata_end = .
                0x80018000                        __bss_start = .

.sbss           0x80018000    0x15f10
 *(.dynsbss)
 *(.sbss .sbss.* .gnu.linkonce.sb.*)
 .sbss          0x80018000        0xa platformer.o
                0x80018000                ball_timer
                0x80018004                active_balls
                0x80018008                db
 *(.scommon)
 *(.dynbss)
 *(.bss .bss.* .gnu.linkonce.b.*)
 *fill*         0x8001800a        0x2 
 .bss           0x8001800c    0x10248 platformer.o
                0x8001800c                balls
                0x800180fc                platform_bottom
                0x80018118                platform_top
                0x80018134                primbuff
                0x80028134                ot
                0x80028174                draw
                0x8002822c                disp
 *fill*         0x80028254        0x4 
 .bss           0x80028258       0x14 C:/Users/admin/Downloads/nolibgs_hello_worlds/nolibgs_hello_worlds/psyq/lib\libetc.a(pad.o)
                0x80028268                PadIdentifier
 *fill*         0x8002826c        0x4 
 .bss           0x80028270     0x4410 C:/Users/admin/Downloads/nolibgs_hello_worlds/nolibgs_hello_worlds/psyq/lib\libgpu.a(font.o)
 .bss           0x8002c680     0x1850 C:/Users/admin/Downloads/nolibgs_hello_worlds/nolibgs_hello_worlds/psyq/lib\libgpu.a(sys.o)
                0x8002c6d0                _que
 .bss           0x8002ded0       0x10 C:/Users/admin/Downloads/nolibgs_hello_worlds/nolibgs_hello_worlds/psyq/lib\libgte.a(patchgte.o)
 .bss           0x8002dee0       0x10 C:/Users/admin/Downloads/nolibgs_hello_worlds/nolibgs_hello_worlds/psyq/lib\libapi.a(pad.o)
                0x8002dee0                _apiPadPatch
 .bss           0x8002def0       0x10 C:/Users/admin/Downloads/nolibgs_hello_worlds/nolibgs_hello_worlds/psyq/lib\libapi.a(patch.o)
 .bss           0x8002df00       0x10 C:/Users/admin/Downloads/nolibgs_hello_worlds/nolibgs_hello_worlds/psyq/lib\libapi.a(chclrpad.o)
 *(COMMON)
                0x8002df10                        . = ALIGN (0x4)
                0x8002df10                        __bss_end = .
                0x8002df10                        __heap_start = __heap_base
                0x8000f800                        . = (ADDR (.text) - 0x800)
                0x8000f800                        __end = .

/DISCARD/
 *(.MIPS.abiflags)

/DISCARD/
 *(.rel.iplt)
 *(.rela.iplt)
 *(.rel.plt)
 *(.rela.plt)
 *(.plt)
 *(.iplt)

/DISCARD/
 *(.note.GNU-stack)
 *(.gnu_debuglink)
 *(.gnu.lto_*)
OUTPUT(platformer.elf elf32-littlemips)

.reginfo        0x00000000       0x18
 .reginfo       0x00000000       0x18 platformer.o

.mdebug.abi32   0x00000000        0x0
 .mdebug.abi32  0x00000000        0x0 platformer.o

.comment        0x00000000       0x12
 .comment       0x00000000       0x12 platformer.o
                                 0x13 (size before relaxing)

.gnu.attributes
                0x00000000       0x10
 .gnu.attributes
                0x00000000       0x10 platformer.o
 .gnu.attributes
                0x00000010       0x10 C:/Users/admin/Downloads/nolibgs_hello_worlds/nolibgs_hello_worlds/thirdparty/nugget/common/crt0/crt0.o

.pdr            0x00000000        0x0
 .pdr           0x00000000        0x0 C:/Users/admin/Downloads/nolibgs_hello_worlds/nolibgs_hello_worlds/thirdparty/nugget/common/crt0/crt0.o

.note           0x00000000     0x171c
 .note          0x00000000       0x74 C:/Users/admin/Downloads/nolibgs_hello_worlds/nolibgs_hello_worlds/psyq/lib\libc.a(c42.o)
 .note          0x00000074       0x74 C:/Users/admin/Downloads/nolibgs_hello_worlds/nolibgs_hello_worlds/psyq/lib\libc.a(c47.o)
 .note          0x000000e8       0x74 C:/Users/admin/Downloads/nolibgs_hello_worlds/nolibgs_hello_worlds/psyq/lib\libc.a(c48.o)
 .note          0x0000015c       0x74 C:/Users/admin/Downloads/nolibgs_hello_worlds/nolibgs_hello_worlds/psyq/lib\libetc.a(pad.o)
 .note          0x000001d0       0x74 C:/Users/admin/Downloads/nolibgs_hello_worlds/nolibgs_hello_worlds/psyq/lib\libetc.a(vsync.o)
 .note          0x00000244       0x74 C:/Users/admin/Downloads/nolibgs_hello_worlds/nolibgs_hello_worlds/psyq/lib\libetc.a(intr.o)
 .note          0x000002b8       0x74 C:/Users/admin/Downloads/nolibgs_hello_worlds/nolibgs_hello_worlds/psyq/lib\libetc.a(intr_dma.o)
 .note          0x0000032c       0x74 C:/Users/admin/Downloads/nolibgs_hello_worlds/nolibgs_hello_worlds/psyq/lib\libetc.a(intr_vb.o)
 .note          0x000003a0       0x74 C:/Users/admin/Downloads/nolibgs_hello_worlds/nolibgs_hello_worlds/psyq/lib\libgpu.a(e03.o)
 .note          0x00000414       0x74 C:/Users/admin/Downloads/nolibgs_hello_worlds/nolibgs_hello_worlds/psyq/lib\libgpu.a(e04.o)
 .note          0x00000488       0x74 C:/Users/admin/Downloads/nolibgs_hello_worlds/nolibgs_hello_worlds/psyq/lib\libgpu.a(font.o)
 .note          0x000004fc       0x74 C:/Users/admin/Downloads/nolibgs_hello_worlds/nolibgs_hello_worlds/psyq/lib\libgpu.a(p06.o)
 .note          0x00000570       0x74 C:/Users/admin/Downloads/nolibgs_hello_worlds/nolibgs_hello_worlds/psyq/lib\libgpu.a(p09.o)
 .note          0x000005e4       0x74 C:/Users/admin/Downloads/nolibgs_hello_worlds/nolibgs_hello_worlds/psyq/lib\libgpu.a(p10.o)
 .note          0x00000658       0x74 C:/Users/admin/Downloads/nolibgs_hello_worlds/nolibgs_hello_worlds/psyq/lib\libgpu.a(p20.o)
 .note          0x000006cc       0x74 C:/Users/admin/Downloads/nolibgs_hello_worlds/nolibgs_hello_worlds/psyq/lib\libgpu.a(p26.o)
 .note          0x00000740       0x74 C:/Users/admin/Downloads/nolibgs_hello_worlds/nolibgs_hello_worlds/psyq/lib\libgpu.a(p41.o)
 .note          0x000007b4       0x74 C:/Users/admin/Downloads/nolibgs_hello_worlds/nolibgs_hello_worlds/psyq/lib\libgpu.a(sys.o)
 .note          0x00000828       0x74 C:/Users/admin/Downloads/nolibgs_hello_worlds/nolibgs_hello_worlds/psyq/lib\libgpu.a(e00.o)
 .note          0x0000089c       0x74 C:/Users/admin/Downloads/nolibgs_hello_worlds/nolibgs_hello_worlds/psyq/lib\libgpu.a(e02.o)
 .note          0x00000910       0x74 C:/Users/admin/Downloads/nolibgs_hello_worlds/nolibgs_hello_worlds/psyq/lib\libgpu.a(p00.o)
 .note          0x00000984       0x74 C:/Users/admin/Downloads/nolibgs_hello_worlds/nolibgs_hello_worlds/psyq/lib\libgpu.a(p01.o)
 .note          0x000009f8       0x74 C:/Users/admin/Downloads/nolibgs_hello_worlds/nolibgs_hello_worlds/psyq/lib\libgte.a(msc00.o)
 .note          0x00000a6c       0x74 C:/Users/admin/Downloads/nolibgs_hello_worlds/nolibgs_hello_worlds/psyq/lib\libgte.a(patchgte.o)
 .note          0x00000ae0       0x74 C:/Users/admin/Downloads/nolibgs_hello_worlds/nolibgs_hello_worlds/psyq/lib\libgte.a(reg12.o)
 .note          0x00000b54       0x74 C:/Users/admin/Downloads/nolibgs_hello_worlds/nolibgs_hello_worlds/psyq/lib\libgte.a(reg13.o)
 .note          0x00000bc8       0x74 C:/Users/admin/Downloads/nolibgs_hello_worlds/nolibgs_hello_worlds/psyq/lib\libapi.a(a22.o)
 .note          0x00000c3c       0x74 C:/Users/admin/Downloads/nolibgs_hello_worlds/nolibgs_hello_worlds/psyq/lib\libapi.a(a23.o)
 .note          0x00000cb0       0x74 C:/Users/admin/Downloads/nolibgs_hello_worlds/nolibgs_hello_worlds/psyq/lib\libapi.a(a24.o)
 .note          0x00000d24       0x74 C:/Users/admin/Downloads/nolibgs_hello_worlds/nolibgs_hello_worlds/psyq/lib\libapi.a(a25.o)
 .note          0x00000d98       0x74 C:/Users/admin/Downloads/nolibgs_hello_worlds/nolibgs_hello_worlds/psyq/lib\libapi.a(a36.o)
 .note          0x00000e0c       0x74 C:/Users/admin/Downloads/nolibgs_hello_worlds/nolibgs_hello_worlds/psyq/lib\libapi.a(a37.o)
 .note          0x00000e80       0x74 C:/Users/admin/Downloads/nolibgs_hello_worlds/nolibgs_hello_worlds/psyq/lib\libapi.a(a91.o)
 .note          0x00000ef4       0x74 C:/Users/admin/Downloads/nolibgs_hello_worlds/nolibgs_hello_worlds/psyq/lib\libapi.a(c114.o)
 .note          0x00000f68       0x74 C:/Users/admin/Downloads/nolibgs_hello_worlds/nolibgs_hello_worlds/psyq/lib\libapi.a(c68.o)
 .note          0x00000fdc       0x74 C:/Users/admin/Downloads/nolibgs_hello_worlds/nolibgs_hello_worlds/psyq/lib\libapi.a(c73.o)
 .note          0x00001050       0x74 C:/Users/admin/Downloads/nolibgs_hello_worlds/nolibgs_hello_worlds/psyq/lib\libapi.a(l10.o)
 .note          0x000010c4       0x74 C:/Users/admin/Downloads/nolibgs_hello_worlds/nolibgs_hello_worlds/psyq/lib\libapi.a(pad.o)
 .note          0x00001138       0x74 C:/Users/admin/Downloads/nolibgs_hello_worlds/nolibgs_hello_worlds/psyq/lib\libapi.a(patch.o)
 .note          0x000011ac       0x74 C:/Users/admin/Downloads/nolibgs_hello_worlds/nolibgs_hello_worlds/psyq/lib\libapi.a(a18.o)
 .note          0x00001220       0x74 C:/Users/admin/Downloads/nolibgs_hello_worlds/nolibgs_hello_worlds/psyq/lib\libapi.a(a19.o)
 .note          0x00001294       0x74 C:/Users/admin/Downloads/nolibgs_hello_worlds/nolibgs_hello_worlds/psyq/lib\libapi.a(a21.o)
 .note          0x00001308       0x74 C:/Users/admin/Downloads/nolibgs_hello_worlds/nolibgs_hello_worlds/psyq/lib\libapi.a(chclrpad.o)
 .note          0x0000137c       0x74 C:/Users/admin/Downloads/nolibgs_hello_worlds/nolibgs_hello_worlds/psyq/lib\libapi.a(l02.o)
 .note          0x000013f0       0x74 C:/Users/admin/Downloads/nolibgs_hello_worlds/nolibgs_hello_worlds/psyq/lib\libapi.a(l03.o)
 .note          0x00001464       0x74 C:/Users/admin/Downloads/nolibgs_hello_worlds/nolibgs_hello_worlds/psyq/lib\libc.a(a63.o)
 .note          0x000014d8       0x74 C:/Users/admin/Downloads/nolibgs_hello_worlds/nolibgs_hello_worlds/psyq/lib\libc.a(c19.o)
 .note          0x0000154c       0x74 C:/Users/admin/Downloads/nolibgs_hello_worlds/nolibgs_hello_worlds/psyq/lib\libc.a(c27.o)
 .note          0x000015c0       0x74 C:/Users/admin/Downloads/nolibgs_hello_worlds/nolibgs_hello_worlds/psyq/lib\libc.a(c43.o)
 .note          0x00001634       0x74 C:/Users/admin/Downloads/nolibgs_hello_worlds/nolibgs_hello_worlds/psyq/lib\libc.a(c63.o)
 .note          0x000016a8       0x74 C:/Users/admin/Downloads/nolibgs_hello_worlds/nolibgs_hello_worlds/psyq/lib\libetc.a(vmode.o)

.debug_info     0x00000000      0xcac
 .debug_info    0x00000000      0xc88 platformer.o
 .debug_info    0x00000c88       0x24 C:/Users/admin/Downloads/nolibgs_hello_worlds/nolibgs_hello_worlds/thirdparty/nugget/common/crt0/crt0.o

.debug_abbrev   0x00000000      0x2f2
 .debug_abbrev  0x00000000      0x2de platformer.o
 .debug_abbrev  0x000002de       0x14 C:/Users/admin/Downloads/nolibgs_hello_worlds/nolibgs_hello_worlds/thirdparty/nugget/common/crt0/crt0.o

.debug_loclists
                0x00000000      0x233
 .debug_loclists
                0x00000000      0x233 platformer.o

.debug_aranges  0x00000000       0x78
 .debug_aranges
                0x00000000       0x58 platformer.o
 .debug_aranges
                0x00000058       0x20 C:/Users/admin/Downloads/nolibgs_hello_worlds/nolibgs_hello_worlds/thirdparty/nugget/common/crt0/crt0.o

.debug_rnglists
                0x00000000       0x5f
 .debug_rnglists
                0x00000000       0x5f platformer.o

.debug_line     0x00000000      0x60c
 .debug_line    0x00000000      0x5b1 platformer.o
 .debug_line    0x000005b1       0x5b C:/Users/admin/Downloads/nolibgs_hello_worlds/nolibgs_hello_worlds/thirdparty/nugget/common/crt0/crt0.o

.debug_str      0x00000000      0x4ac
 .debug_str     0x00000000      0x4ac platformer.o
                                0x42e (size before relaxing)
 .debug_str     0x000004ac       0xc2 C:/Users/admin/Downloads/nolibgs_hello_worlds/nolibgs_hello_worlds/thirdparty/nugget/common/crt0/crt0.o

.debug_frame    0x00000000      0x130
 .debug_frame   0x00000000      0x130 platformer.o

.debug_line_str
                0x00000000       0xb6
 .debug_line_str
                0x00000000       0xb6 C:/Users/admin/Downloads/nolibgs_hello_worlds/nolibgs_hello_worlds/thirdparty/nugget/common/crt0/crt0.o
